
Discarded input sections

 .text          0x00000000        0x0 startup.o
 .data          0x00000000        0x0 startup.o
 .bss           0x00000000        0x0 startup.o
 .text          0x00000000        0x0 /tmp/ccZ9QnCe.ltrans0.ltrans.o
 .data          0x00000000        0x0 /tmp/ccZ9QnCe.ltrans0.ltrans.o
 .bss           0x00000000        0x0 /tmp/ccZ9QnCe.ltrans0.ltrans.o
 .comment       0x00000000       0x34 /tmp/ccnXXKcB.debug.temp.o
 .note.GNU-stack
                0x00000000        0x0 /tmp/ccnXXKcB.debug.temp.o
 .comment       0x00000000       0x34 /tmp/ccNZVlW1.debug.temp.o
 .note.GNU-stack
                0x00000000        0x0 /tmp/ccNZVlW1.debug.temp.o
 .comment       0x00000000       0x34 /tmp/ccSzyNMX.debug.temp.o
 .note.GNU-stack
                0x00000000        0x0 /tmp/ccSzyNMX.debug.temp.o
 .debug_info    0x00000000      0x275 /tmp/ccxHaZIm.debug.temp.o
 .debug_abbrev  0x00000000       0xdb /tmp/ccxHaZIm.debug.temp.o
 .debug_line    0x00000000       0x3f /tmp/ccxHaZIm.debug.temp.o
 .debug_str     0x00000000      0x22e /tmp/ccxHaZIm.debug.temp.o
 .debug_line_str
                0x00000000       0xa7 /tmp/ccxHaZIm.debug.temp.o
 .comment       0x00000000       0x34 /tmp/ccxHaZIm.debug.temp.o
 .note.GNU-stack
                0x00000000        0x0 /tmp/ccxHaZIm.debug.temp.o

Memory Configuration

Name             Origin             Length             Attributes
ITCM             0x00000000         0x00010000         xr
SRAM             0x00028000         0x00050000         xr
DTCM             0x00080000         0x00010000         xrw
*default*        0x00000000         0xffffffff

Linker script and memory map

LOAD startup.o
LOAD main.o
LOAD /tmp/ccZ9QnCe.ltrans0.ltrans.o
LOAD /tmp/ccnXXKcB.debug.temp.o
LOAD /tmp/ccNZVlW1.debug.temp.o
LOAD /tmp/ccSzyNMX.debug.temp.o
LOAD /tmp/ccxHaZIm.debug.temp.o
LOAD spi.o
LOAD ringbuffer.o
LOAD resource_table.o
LOAD /home/tcmichals/.tools/gcc-riscv-none-eabi/bin/../lib/gcc/riscv-none-elf/15.2.0/libgcc.a
LOAD /home/tcmichals/.tools/gcc-riscv-none-eabi/bin/../lib/gcc/riscv-none-elf/15.2.0/../../../../riscv-none-elf/lib/libc_nano.a
LOAD /home/tcmichals/.tools/gcc-riscv-none-eabi/bin/../lib/gcc/riscv-none-elf/15.2.0/libgcc.a
START GROUP
LOAD /home/tcmichals/.tools/gcc-riscv-none-eabi/bin/../lib/gcc/riscv-none-elf/15.2.0/libgcc.a
LOAD /home/tcmichals/.tools/gcc-riscv-none-eabi/bin/../lib/gcc/riscv-none-elf/15.2.0/../../../../riscv-none-elf/lib/libc_nano.a
LOAD /home/tcmichals/.tools/gcc-riscv-none-eabi/bin/../lib/gcc/riscv-none-elf/15.2.0/../../../../riscv-none-elf/lib/libgloss_nano.a
END GROUP

.vectors        0x00000000      0x306
 *(.vectors)
 .vectors       0x00000000       0x82 startup.o
                0x00000000                _enter
 *(.text.startup)
 .text.startup  0x00000082       0x60 startup.o
 .text.startup  0x000000e2      0x224 /tmp/ccZ9QnCe.ltrans0.ltrans.o
                0x000000e2                main

.rela.dyn       0x00000308        0x0
 .rela.text.startup
                0x00000308        0x0 startup.o

.fastcode       0x00000306        0x2
                0x00000308                        . = ALIGN (0x4)
 *fill*         0x00000306        0x2 
 *(.text.fastcode)
 *(.text.isr)
                0x00000308                        . = ALIGN (0x4)

.text           0x00028000        0x0
                0x00028000                        . = ALIGN (0x4)
 *(.text)
 *(.text.*)
                0x00028000                        . = ALIGN (0x4)

.rodata         0x00028000        0x0
                0x00028000                        . = ALIGN (0x4)
 *(.rodata)
 *(.rodata.*)
                0x00028000                        . = ALIGN (0x4)
                [0x00000000]                      _sram_data_start = LOADADDR (.data)

.data           0x00080000        0x0 load address 0x00000000
                0x00080000                        . = ALIGN (0x4)
                0x00080000                        _data_start = .
                0x00080800                        PROVIDE (__global_pointer$ = (. + 0x800))
 *(.data)
 *(.data.*)
 *(.sdata)
 *(.sdata.*)
                0x00080000                        . = ALIGN (0x4)
                0x00080000                        _data_end = .

.bss            0x00080000        0x0
                0x00080000                        . = ALIGN (0x4)
                0x00080000                        _bss_start = .
 *(.sbss)
 *(.sbss.*)
 *(.bss)
 *(.bss.*)
 *(COMMON)
                0x00080000                        . = ALIGN (0x4)
                0x00080000                        _bss_end = .
                0x00090000                        _stack_top = (ORIGIN (DTCM) + LENGTH (DTCM))
                0x00000001                        ASSERT (((SIZEOF (.vectors) + SIZEOF (.fastcode)) <= LENGTH (ITCM)), ERROR: ITCM limit exceeded! (Max 64KB))
                0x00000001                        ASSERT (((_bss_end - ORIGIN (DTCM)) <= LENGTH (DTCM)), ERROR: DTCM limit exceeded! Data/BSS too large (Max 64KB))
OUTPUT(firmware.elf elf32-littleriscv)

.riscv.attributes
                0x00000000       0x5b
 .riscv.attributes
                0x00000000       0x59 startup.o
 .riscv.attributes
                0x00000059       0x4e /tmp/ccZ9QnCe.ltrans0.ltrans.o

.comment        0x00000000       0x33
 .comment       0x00000000       0x33 /tmp/ccZ9QnCe.ltrans0.ltrans.o
                                 0x34 (size before relaxing)

.note.GNU-stack
                0x00000000        0x0
 .note.GNU-stack
                0x00000000        0x0 /tmp/ccZ9QnCe.ltrans0.ltrans.o

.debug_line     0x00000000      0x76a
 .debug_line    0x00000000       0xd8 startup.o
 .debug_line    0x000000d8      0x5c1 /tmp/ccZ9QnCe.ltrans0.ltrans.o
 .debug_line    0x00000699       0x4e /tmp/ccnXXKcB.debug.temp.o
 .debug_line    0x000006e7       0x3f /tmp/ccNZVlW1.debug.temp.o
 .debug_line    0x00000726       0x44 /tmp/ccSzyNMX.debug.temp.o

.debug_line_str
                0x00000000       0xe8
 .debug_line_str
                0x00000000       0xe8 startup.o
                                 0x42 (size before relaxing)
 .debug_line_str
                0x000000e8        0x0 /tmp/ccZ9QnCe.ltrans0.ltrans.o
                                 0x6d (size before relaxing)
 .debug_line_str
                0x000000e8        0x0 /tmp/ccnXXKcB.debug.temp.o
                                 0xbe (size before relaxing)
 .debug_line_str
                0x000000e8        0x0 /tmp/ccNZVlW1.debug.temp.o
                                 0x9c (size before relaxing)
 .debug_line_str
                0x000000e8        0x0 /tmp/ccSzyNMX.debug.temp.o
                                 0xb0 (size before relaxing)

.debug_info     0x00000000      0x9f4
 .debug_info    0x00000000       0x23 startup.o
 .debug_info    0x00000023      0x2ed /tmp/ccZ9QnCe.ltrans0.ltrans.o
 .debug_info    0x00000310      0x3fb /tmp/ccnXXKcB.debug.temp.o
                0x00000310                main.cpp.c52e4639
 .debug_info    0x0000070b      0x12f /tmp/ccNZVlW1.debug.temp.o
                0x0000070b                spi.c.4dfdc5e9
 .debug_info    0x0000083a      0x1ba /tmp/ccSzyNMX.debug.temp.o
                0x0000083a                ringbuffer.c.4bec121a

.debug_abbrev   0x00000000      0x4c8
 .debug_abbrev  0x00000000       0x12 startup.o
 .debug_abbrev  0x00000012       0xe5 /tmp/ccZ9QnCe.ltrans0.ltrans.o
 .debug_abbrev  0x000000f7      0x1f5 /tmp/ccnXXKcB.debug.temp.o
 .debug_abbrev  0x000002ec       0xb4 /tmp/ccNZVlW1.debug.temp.o
 .debug_abbrev  0x000003a0      0x128 /tmp/ccSzyNMX.debug.temp.o

.debug_aranges  0x00000000       0x48
 .debug_aranges
                0x00000000       0x28 startup.o
 .debug_aranges
                0x00000028       0x20 /tmp/ccZ9QnCe.ltrans0.ltrans.o

.debug_str      0x00000000      0x5aa
 .debug_str     0x00000000      0x5aa startup.o
                                 0x4e (size before relaxing)
 .debug_str     0x000005aa        0x0 /tmp/ccZ9QnCe.ltrans0.ltrans.o
                                 0xc4 (size before relaxing)
 .debug_str     0x000005aa        0x0 /tmp/ccnXXKcB.debug.temp.o
                                0x3d8 (size before relaxing)
 .debug_str     0x000005aa        0x0 /tmp/ccNZVlW1.debug.temp.o
                                0x198 (size before relaxing)
 .debug_str     0x000005aa        0x0 /tmp/ccSzyNMX.debug.temp.o
                                0x1be (size before relaxing)

.debug_rnglists
                0x00000000       0xed
 .debug_rnglists
                0x00000000       0x1a startup.o
 .debug_rnglists
                0x0000001a       0xd3 /tmp/ccZ9QnCe.ltrans0.ltrans.o

.debug_loclists
                0x00000000      0x1f1
 .debug_loclists
                0x00000000      0x1f1 /tmp/ccZ9QnCe.ltrans0.ltrans.o

.debug_frame    0x00000000       0x40
 .debug_frame   0x00000000       0x40 /tmp/ccZ9QnCe.ltrans0.ltrans.o
